The B100AAA car was rented by MihaiP.
MihaiP
The B100AAA car rented by MihaiP was returned.
The car was not found. No changes were made.
The BV10AAA car was rented by AlexM.
The application is closing...
