The B100AAA car was rented by MihaiP.
MihaiP
The BV10AAA car was already rented by AlexM.
AndreiT
The MM05BBB car was not rented.
AlexM
The BV100AAB car was not rented.
The application is closing...
