The B100AAA car was rented by MihaiP.
MihaiP
The application is closing...
